2026-03-04T07:07:47.108Z [WARN] Skipping membership expiry check: MongoDB is not connected
2026-03-04T07:07:47.117Z [INFO] App listening at http://localhost:5000
2026-03-04T07:07:47.117Z [INFO] Daily membership expiry check scheduled
2026-03-04T07:07:47.117Z [INFO] Backend log file: C:\Users\suriy\OneDrive\Desktop\CodingRoof\gym-management-app\backend\logs\backend.log
2026-03-04T07:07:47.142Z [INFO] Connected to MongoDB
2026-03-04T07:08:05.788Z [INFO] {"requestId":"7e00f551-878d-4bcd-9301-28678f80250a","method":"POST","path":"/api/auth/login","statusCode":200,"durationMs":136}
2026-03-04T07:08:06.420Z [INFO] {"requestId":"b44fb587-f05c-4f0b-92cc-2e3291c1e3f4","method":"GET","path":"/api/attendance/report/weekly","statusCode":200,"durationMs":61}
2026-03-04T07:08:06.441Z [INFO] {"requestId":"57b549d3-4e0a-48c4-b0ce-f09aec810d80","method":"GET","path":"/api/attendance/report?period=day","statusCode":200,"durationMs":78}
2026-03-04T07:08:06.457Z [INFO] {"requestId":"77d62837-0e23-4651-a318-39a1b5de46d6","method":"GET","path":"/api/payments/analytics/overdue/gym-owner","statusCode":200,"durationMs":102}
2026-03-04T07:08:06.468Z [INFO] {"requestId":"c724525a-915c-4832-8238-18143c33372b","method":"GET","path":"/api/payments/analytics/gym-owner?year=2026","statusCode":200,"durationMs":118}
2026-03-04T07:08:06.491Z [INFO] {"requestId":"5513d76e-20ff-4a45-9fcb-33f52cc211cf","method":"GET","path":"/api/attendance/report/weekly","statusCode":200,"durationMs":53}
2026-03-04T07:08:06.507Z [INFO] {"requestId":"e35b9cc1-d934-452f-a4f8-445f2e99c7ab","method":"GET","path":"/api/attendance/report?period=day","statusCode":200,"durationMs":46}
2026-03-04T07:08:06.520Z [INFO] {"requestId":"65fa718d-6b0e-4148-9dfe-6481ec84bade","method":"GET","path":"/api/payments/analytics/overdue/gym-owner","statusCode":200,"durationMs":51}
2026-03-04T07:08:06.527Z [INFO] {"requestId":"70d1f9ca-6fc1-4638-9be2-71c6971039cb","method":"GET","path":"/api/payments/analytics/gym-owner?year=2026","statusCode":200,"durationMs":51}
2026-03-04T07:08:16.920Z [INFO] {"requestId":"b9ed3403-03c8-4dc3-b10a-c260c9d3fcfe","method":"GET","path":"/api/members","statusCode":200,"durationMs":15}
2026-03-04T07:08:16.939Z [INFO] {"requestId":"a102fb88-ab0a-44af-9d09-5c502dd1bcc8","method":"GET","path":"/api/members","statusCode":200,"durationMs":16}
2026-03-04T07:08:29.800Z [INFO] {"requestId":"3aa8b737-84e4-4f85-a09e-f68392b85b95","method":"GET","path":"/api/branches/971c601f-3e24-4a8c-877b-1ec1d336c777/branches","statusCode":200,"durationMs":63}
2026-03-04T07:08:29.829Z [INFO] {"requestId":"d0ae0a73-2af8-4cf4-801d-b9ca014b9bec","method":"GET","path":"/api/branches/971c601f-3e24-4a8c-877b-1ec1d336c777/branches","statusCode":200,"durationMs":27}
2026-03-04T07:08:43.940Z [INFO] {"requestId":"81b2eade-a089-4261-bc96-e7918062decf","method":"GET","path":"/api/payments/analytics/gym-owner?year=2026","statusCode":200,"durationMs":55}
2026-03-04T07:08:43.973Z [INFO] {"requestId":"c3af46bc-bdfa-4beb-93bc-12ce721c48b3","method":"GET","path":"/api/payments/971c601f-3e24-4a8c-877b-1ec1d336c777","statusCode":200,"durationMs":19}
2026-03-04T07:08:43.976Z [INFO] {"requestId":"3f08868f-4045-4495-b64a-6b4f3140b528","method":"GET","path":"/api/payments/analytics/gym-owner?year=2026","statusCode":200,"durationMs":35}
2026-03-04T07:08:44.003Z [INFO] {"requestId":"ba58a5ae-a82b-4d79-bd18-14862d5b8803","method":"GET","path":"/api/payments/analytics/overdue/gym-owner","statusCode":200,"durationMs":22}
2026-03-04T07:08:44.008Z [INFO] {"requestId":"27954a07-1676-4407-baec-0c50202aae4d","method":"GET","path":"/api/payments/971c601f-3e24-4a8c-877b-1ec1d336c777","statusCode":200,"durationMs":20}
2026-03-04T07:08:44.118Z [INFO] {"requestId":"4c42791b-bc13-4b23-8554-2073e9e77fea","method":"GET","path":"/api/payments/analytics/overdue/gym-owner","statusCode":200,"durationMs":16}
2026-03-04T07:08:49.064Z [INFO] {"requestId":"fe7535a8-4b98-4cdf-b7ab-39035c9fe7b1","method":"GET","path":"/api/payments/analytics/overdue/gym-owner","statusCode":200,"durationMs":21}
2026-03-04T07:08:49.089Z [INFO] {"requestId":"e60aebcc-af1b-45ae-aa03-ea471d15fd16","method":"GET","path":"/api/payments/analytics/overdue/gym-owner","statusCode":200,"durationMs":23}
2026-03-04T07:09:07.144Z [INFO] {"requestId":"e16911bd-32d9-43da-8899-f87b6d6506f4","method":"POST","path":"/api/payments/a4531062-d0d7-4140-a832-fb3155b25f8b","statusCode":400,"durationMs":15}
2026-03-04T07:09:13.574Z [INFO] {"requestId":"4912f5d3-af6a-48e6-b724-76fa96a09189","method":"GET","path":"/api/attendance/report/weekly","statusCode":200,"durationMs":37}
2026-03-04T07:09:13.588Z [INFO] {"requestId":"87991f07-e543-42bd-8a91-d0b76c3c165b","method":"GET","path":"/api/attendance/report?period=day","statusCode":200,"durationMs":49}
2026-03-04T07:09:13.598Z [INFO] {"requestId":"00b440cf-ffcc-475f-955b-36919f65f172","method":"GET","path":"/api/payments/analytics/overdue/gym-owner","statusCode":200,"durationMs":68}
2026-03-04T07:09:13.604Z [INFO] {"requestId":"6975c664-2a30-4540-8d7f-d16a335fea0e","method":"GET","path":"/api/payments/analytics/gym-owner?year=2026","statusCode":200,"durationMs":80}
2026-03-04T07:09:13.620Z [INFO] {"requestId":"63a3f6dc-15f7-4711-a1a4-9901b8bae63f","method":"GET","path":"/api/attendance/report/weekly","statusCode":200,"durationMs":34}
2026-03-04T07:09:13.633Z [INFO] {"requestId":"8e528a02-6f61-4f10-b5e3-03feed33e3dd","method":"GET","path":"/api/attendance/report?period=day","statusCode":200,"durationMs":32}
2026-03-04T07:09:13.641Z [INFO] {"requestId":"cc7dec70-1a76-44a1-97a6-19341a297650","method":"GET","path":"/api/payments/analytics/overdue/gym-owner","statusCode":200,"durationMs":36}
2026-03-04T07:09:13.650Z [INFO] {"requestId":"813c76da-73b5-4ffe-bd36-892d836f1432","method":"GET","path":"/api/payments/analytics/gym-owner?year=2026","statusCode":200,"durationMs":38}
2026-03-04T07:12:19.767Z [INFO] {"requestId":"034903f5-f766-4463-97c3-8d02f7cd122b","method":"GET","path":"/api/members","statusCode":200,"durationMs":13}
2026-03-04T07:12:19.787Z [INFO] {"requestId":"e98273b0-d553-4d93-8ef6-f8392f70b1d3","method":"GET","path":"/api/members","statusCode":200,"durationMs":14}
2026-03-04T07:12:37.993Z [INFO] {"requestId":"d0f846a3-0adb-4ea9-b425-663da42f7b75","method":"GET","path":"/api/members-personal-details/member/24664b9c-50f1-4897-96f2-5ce312c5de6a","statusCode":404,"durationMs":6}
2026-03-04T07:12:46.256Z [INFO] {"requestId":"f2751512-0e92-4ffa-826d-cc4528098eb5","method":"GET","path":"/api/members-personal-details/member/42c223e9-c2f5-463d-8436-ad7e3aa71c98","statusCode":200,"durationMs":25}
2026-03-04T07:12:52.677Z [INFO] {"requestId":"a54a81eb-3c8b-4362-8c58-2f94d97772c3","method":"GET","path":"/api/attendance/report/weekly","statusCode":200,"durationMs":30}
2026-03-04T07:12:52.692Z [INFO] {"requestId":"d3601edf-bc27-42ef-9941-4d3f2084f0ba","method":"GET","path":"/api/attendance/report?period=day","statusCode":200,"durationMs":41}
2026-03-04T07:12:52.702Z [INFO] {"requestId":"673d44de-815c-4d99-ad26-292aaf88e6a0","method":"GET","path":"/api/payments/analytics/overdue/gym-owner","statusCode":200,"durationMs":58}
2026-03-04T07:12:52.707Z [INFO] {"requestId":"60f68a99-6d29-4a7f-9327-18b7a2c5aa55","method":"GET","path":"/api/payments/analytics/gym-owner?year=2026","statusCode":200,"durationMs":68}
2026-03-04T07:12:52.736Z [INFO] {"requestId":"038ea5d8-89c8-48a7-806e-f9ded89e5cc4","method":"GET","path":"/api/attendance/report/weekly","statusCode":200,"durationMs":46}
2026-03-04T07:12:52.755Z [INFO] {"requestId":"dc5c19e9-1994-4dae-9faf-f462730b804e","method":"GET","path":"/api/attendance/report?period=day","statusCode":200,"durationMs":51}
2026-03-04T07:12:52.765Z [INFO] {"requestId":"20eb5d7f-3968-4199-bbd6-00bc887953b0","method":"GET","path":"/api/payments/analytics/overdue/gym-owner","statusCode":200,"durationMs":54}
2026-03-04T07:12:52.775Z [INFO] {"requestId":"a4588d5d-d2ce-43a7-8c4b-d61a35083936","method":"GET","path":"/api/payments/analytics/gym-owner?year=2026","statusCode":200,"durationMs":52}
2026-03-04T07:12:57.460Z [INFO] {"requestId":"5216b046-e44a-45dd-94c9-9a0b98251880","method":"GET","path":"/api/attendance/report/weekly","statusCode":200,"durationMs":36}
2026-03-04T07:12:57.476Z [INFO] {"requestId":"2443bd9f-7b99-47fd-ad09-3b91fa95e0e0","method":"GET","path":"/api/attendance/report?period=day","statusCode":200,"durationMs":50}
2026-03-04T07:12:57.521Z [INFO] {"requestId":"0d28a7fa-6ea2-42c5-84fa-94bd9adbdb9c","method":"GET","path":"/api/payments/analytics/overdue/gym-owner","statusCode":200,"durationMs":102}
2026-03-04T07:12:57.530Z [INFO] {"requestId":"b16db5a5-5739-4175-beba-1613c3dccf64","method":"GET","path":"/api/payments/analytics/gym-owner?year=2026","statusCode":200,"durationMs":115}
2026-03-04T07:13:20.191Z [INFO] {"requestId":"e1c56ee8-a1e6-442b-9532-22832004c84a","method":"GET","path":"/api/payments/analytics/gym-owner?year=2026","statusCode":200,"durationMs":62}
2026-03-04T07:13:20.222Z [INFO] {"requestId":"94173cd0-2748-4763-a55f-654885a6fcaa","method":"GET","path":"/api/payments/971c601f-3e24-4a8c-877b-1ec1d336c777","statusCode":200,"durationMs":22}
2026-03-04T07:13:20.225Z [INFO] {"requestId":"b54e9940-08fb-4d43-acfb-00e6fb37e713","method":"GET","path":"/api/payments/analytics/gym-owner?year=2026","statusCode":200,"durationMs":32}
2026-03-04T07:13:20.249Z [INFO] {"requestId":"2ae424ef-cb13-447a-b33a-9e9087fe46cf","method":"GET","path":"/api/payments/971c601f-3e24-4a8c-877b-1ec1d336c777","statusCode":200,"durationMs":18}
2026-03-04T07:13:20.254Z [INFO] {"requestId":"5ad77eca-cc62-494d-8324-efaf7055b012","method":"GET","path":"/api/payments/analytics/overdue/gym-owner","statusCode":200,"durationMs":26}
2026-03-04T07:13:20.272Z [INFO] {"requestId":"7954bebb-accc-431c-a55f-abb0b9b31382","method":"GET","path":"/api/payments/analytics/overdue/gym-owner","statusCode":200,"durationMs":17}
2026-03-04T07:13:25.312Z [INFO] {"requestId":"e657924a-d434-4e58-aa26-8f42ec2b7d11","method":"GET","path":"/api/attendance/report/weekly","statusCode":200,"durationMs":40}
2026-03-04T07:13:25.332Z [INFO] {"requestId":"85eac059-7a5e-4a57-b950-4031e1efecd3","method":"GET","path":"/api/attendance/report?period=day","statusCode":200,"durationMs":57}
2026-03-04T07:13:25.340Z [INFO] {"requestId":"96950370-ddb7-4261-b9ba-78316115f207","method":"GET","path":"/api/payments/analytics/overdue/gym-owner","statusCode":200,"durationMs":77}
2026-03-04T07:13:25.345Z [INFO] {"requestId":"d666bb53-330a-4805-98a6-da356674bdb5","method":"GET","path":"/api/payments/analytics/gym-owner?year=2026","statusCode":200,"durationMs":93}
2026-03-04T07:13:25.362Z [INFO] {"requestId":"6ac1fedc-c9c6-4aba-aed0-13d326a4d77d","method":"GET","path":"/api/attendance/report/weekly","statusCode":200,"durationMs":35}
2026-03-04T07:13:25.378Z [INFO] {"requestId":"d602b34a-15bc-401a-9691-3c2977f2f7c1","method":"GET","path":"/api/attendance/report?period=day","statusCode":200,"durationMs":35}
2026-03-04T07:13:25.391Z [INFO] {"requestId":"feae97fc-224e-42dd-893a-8f409579869d","method":"GET","path":"/api/payments/analytics/overdue/gym-owner","statusCode":200,"durationMs":45}
2026-03-04T07:13:25.398Z [INFO] {"requestId":"9d99cc92-3894-44d1-ba7c-a10b72a26ce2","method":"GET","path":"/api/payments/analytics/gym-owner?year=2026","statusCode":200,"durationMs":43}
2026-03-04T07:13:52.465Z [INFO] {"requestId":"b12d2335-d018-42ef-8623-30533efc6d38","method":"GET","path":"/api/payments/analytics/gym-owner?year=2026","statusCode":200,"durationMs":27}
2026-03-04T07:13:52.493Z [INFO] {"requestId":"62fd1c4f-0bb5-4eca-a2ae-9c9d4519abc7","method":"GET","path":"/api/payments/971c601f-3e24-4a8c-877b-1ec1d336c777","statusCode":200,"durationMs":19}
2026-03-04T07:13:52.498Z [INFO] {"requestId":"7e4993c4-34f8-438f-abdb-4adb1252a5c0","method":"GET","path":"/api/payments/analytics/gym-owner?year=2026","statusCode":200,"durationMs":31}
2026-03-04T07:13:52.516Z [INFO] {"requestId":"f44c22be-c819-44a5-8164-3c71e8d19cf8","method":"GET","path":"/api/payments/971c601f-3e24-4a8c-877b-1ec1d336c777","statusCode":200,"durationMs":14}
2026-03-04T07:13:52.523Z [INFO] {"requestId":"d5ebca5f-d3bf-4acc-9ec6-6406977ac03b","method":"GET","path":"/api/payments/analytics/overdue/gym-owner","statusCode":200,"durationMs":18}
2026-03-04T07:13:52.539Z [INFO] {"requestId":"874d6ff2-35fe-4e79-90e8-c9237745a3cd","method":"GET","path":"/api/payments/analytics/overdue/gym-owner","statusCode":200,"durationMs":14}
2026-03-04T07:13:56.633Z [INFO] {"requestId":"d4842d23-814d-4342-a3b5-040828e1979f","method":"GET","path":"/api/branches/971c601f-3e24-4a8c-877b-1ec1d336c777/branches","statusCode":200,"durationMs":23}
2026-03-04T07:13:56.677Z [INFO] {"requestId":"abb2cd6e-0ae3-4573-ba71-afe419b0921b","method":"GET","path":"/api/branches/971c601f-3e24-4a8c-877b-1ec1d336c777/branches","statusCode":200,"durationMs":40}
2026-03-04T07:14:56.034Z [INFO] {"requestId":"d1a5d024-10d9-48c4-9c10-ffebcee58d49","method":"POST","path":"/api/branches/971c601f-3e24-4a8c-877b-1ec1d336c777/branches","statusCode":201,"durationMs":41}
2026-03-04T07:14:56.073Z [INFO] {"requestId":"bf7e933f-f27f-47b1-8b27-ecb6a175bcaa","method":"GET","path":"/api/branches/971c601f-3e24-4a8c-877b-1ec1d336c777/branches","statusCode":200,"durationMs":29}
2026-03-04T07:15:38.404Z [INFO] {"requestId":"d3b8c160-d455-4078-a9e3-1990d7918198","method":"POST","path":"/api/auth/create-manager","statusCode":201,"durationMs":110}
2026-03-04T07:15:38.438Z [INFO] {"requestId":"86df096a-18b2-40d1-895d-33a896ddf77d","method":"GET","path":"/api/branches/971c601f-3e24-4a8c-877b-1ec1d336c777/branches","statusCode":200,"durationMs":27}
2026-03-04T07:16:01.460Z [INFO] {"requestId":"807e6c65-daca-4e06-804d-0d43cc98fe6b","method":"GET","path":"/api/attendance/report/weekly","statusCode":200,"durationMs":33}
2026-03-04T07:16:01.474Z [INFO] {"requestId":"36cda785-2171-4863-b9d4-c4db0f88ed14","method":"GET","path":"/api/attendance/report?period=day","statusCode":200,"durationMs":45}
2026-03-04T07:16:01.483Z [INFO] {"requestId":"8c1820e0-e034-4f8f-b381-807b5419eb3b","method":"GET","path":"/api/payments/analytics/overdue/gym-owner","statusCode":200,"durationMs":62}
2026-03-04T07:16:01.491Z [INFO] {"requestId":"4cf306af-0895-4375-9704-b6e4dee3e170","method":"GET","path":"/api/payments/analytics/gym-owner?year=2026","statusCode":200,"durationMs":77}
2026-03-04T07:16:01.514Z [INFO] {"requestId":"548a98fb-9845-4f9e-a4cb-6cac6e2a0aef","method":"GET","path":"/api/attendance/report/weekly","statusCode":200,"durationMs":44}
2026-03-04T07:16:01.531Z [INFO] {"requestId":"8155d743-7c6d-4cc9-badf-eabfdeee52ae","method":"GET","path":"/api/attendance/report?period=day","statusCode":200,"durationMs":45}
2026-03-04T07:16:01.541Z [INFO] {"requestId":"70a3c730-4f62-4eaa-8adc-824b0cc89c12","method":"GET","path":"/api/payments/analytics/overdue/gym-owner","statusCode":200,"durationMs":47}
2026-03-04T07:16:01.549Z [INFO] {"requestId":"45abe545-b6e9-4feb-a32c-7c566a9baea0","method":"GET","path":"/api/payments/analytics/gym-owner?year=2026","statusCode":200,"durationMs":47}
2026-03-04T07:16:06.568Z [INFO] {"requestId":"8e90562d-28ad-4baa-a400-17d90a4ffe2c","method":"GET","path":"/api/payments/analytics/gym-owner?year=2026","statusCode":200,"durationMs":26}
2026-03-04T07:16:06.597Z [INFO] {"requestId":"1e4c6c16-1f0c-442b-9da7-d5d3e0f1ec47","method":"GET","path":"/api/payments/971c601f-3e24-4a8c-877b-1ec1d336c777","statusCode":200,"durationMs":19}
2026-03-04T07:16:06.600Z [INFO] {"requestId":"0bf952e7-b29f-48b4-8f87-1d1a9fc83738","method":"GET","path":"/api/payments/analytics/gym-owner?year=2026","statusCode":200,"durationMs":30}
2026-03-04T07:16:06.622Z [INFO] {"requestId":"cb28bc13-c3f5-43bf-a80a-a1afead60ebc","method":"GET","path":"/api/payments/971c601f-3e24-4a8c-877b-1ec1d336c777","statusCode":200,"durationMs":15}
2026-03-04T07:16:06.627Z [INFO] {"requestId":"6473f9ca-3087-4b21-a89f-a1d26e30d99d","method":"GET","path":"/api/payments/analytics/overdue/gym-owner","statusCode":200,"durationMs":24}
2026-03-04T07:16:06.643Z [INFO] {"requestId":"ef63eb74-1e80-40a6-91ee-12b67be61753","method":"GET","path":"/api/payments/analytics/overdue/gym-owner","statusCode":200,"durationMs":14}
2026-03-04T07:16:07.978Z [INFO] {"requestId":"16743eaa-b760-421d-bb7d-c6864f7eedfe","method":"GET","path":"/api/payments/analytics/overdue/gym-owner","statusCode":200,"durationMs":44}
2026-03-04T07:16:07.998Z [INFO] {"requestId":"bc7e2db3-39f2-4fce-a233-3105c2f78095","method":"GET","path":"/api/payments/analytics/overdue/gym-owner","statusCode":200,"durationMs":19}
2026-03-04T07:16:11.833Z [INFO] {"requestId":"9c92db89-9813-4330-b3fa-36b38111b486","method":"POST","path":"/api/payments/a4531062-d0d7-4140-a832-fb3155b25f8b","statusCode":201,"durationMs":29}
2026-03-04T07:16:11.867Z [INFO] {"requestId":"e26f9f0a-5f3e-4a52-a5bd-2b2640b098ee","method":"GET","path":"/api/payments/analytics/overdue/gym-owner","statusCode":200,"durationMs":16}
2026-03-04T07:16:17.786Z [INFO] {"requestId":"ab739705-2780-4575-bcbb-e434136e9742","method":"GET","path":"/api/attendance/report/weekly","statusCode":200,"durationMs":39}
2026-03-04T07:16:17.801Z [INFO] {"requestId":"60d07e21-4c2a-449a-a672-b66e0075b34e","method":"GET","path":"/api/attendance/report?period=day","statusCode":200,"durationMs":51}
2026-03-04T07:16:17.811Z [INFO] {"requestId":"d4849774-50b2-4743-a157-73cd85c3df82","method":"GET","path":"/api/payments/analytics/overdue/gym-owner","statusCode":200,"durationMs":70}
2026-03-04T07:16:17.817Z [INFO] {"requestId":"a378220c-1a59-44dd-81af-6cfe09b4999f","method":"GET","path":"/api/payments/analytics/gym-owner?year=2026","statusCode":200,"durationMs":83}
2026-03-04T07:16:17.835Z [INFO] {"requestId":"118f06a2-fd49-42c0-a922-6b369b08e217","method":"GET","path":"/api/attendance/report/weekly","statusCode":200,"durationMs":37}
2026-03-04T07:16:17.851Z [INFO] {"requestId":"ef4de3f1-b1bd-4982-913d-66a05b8a24eb","method":"GET","path":"/api/attendance/report?period=day","statusCode":200,"durationMs":37}
2026-03-04T07:16:17.863Z [INFO] {"requestId":"ff54174b-fbb0-40b1-841e-2ffe02e967a2","method":"GET","path":"/api/payments/analytics/overdue/gym-owner","statusCode":200,"durationMs":45}
2026-03-04T07:16:17.868Z [INFO] {"requestId":"1f974903-df49-4c72-b61c-2817c90fc588","method":"GET","path":"/api/payments/analytics/gym-owner?year=2026","statusCode":200,"durationMs":41}
2026-03-04T07:16:19.546Z [INFO] {"requestId":"2f5a52ea-e952-45b2-90e7-2b2a661edccf","method":"POST","path":"/api/auth/logout","statusCode":200,"durationMs":4}
2026-03-04T07:16:28.577Z [INFO] {"requestId":"ee490d9b-6317-4c0f-9741-d6f9cd507814","method":"POST","path":"/api/auth/login","statusCode":200,"durationMs":92}
2026-03-04T07:16:28.751Z [INFO] {"requestId":"1844c2c8-e778-4fcd-9bba-fbf69649ed84","method":"GET","path":"/api/attendance/report/weekly","statusCode":200,"durationMs":46}
2026-03-04T07:16:28.765Z [INFO] {"requestId":"0ec2dffe-abc6-48f1-8231-f93ff3cbb179","method":"GET","path":"/api/attendance/report?period=day","statusCode":200,"durationMs":59}
2026-03-04T07:16:28.774Z [INFO] {"requestId":"779572fd-4473-4f11-81eb-24440f4fd888","method":"GET","path":"/api/payments/analytics/overdue/branch-manager","statusCode":200,"durationMs":67}
2026-03-04T07:16:28.780Z [INFO] {"requestId":"45bf0533-2620-4218-b6dd-d0f7881609a6","method":"GET","path":"/api/payments/analytics/branch-manager?year=2026","statusCode":200,"durationMs":79}
2026-03-04T07:16:28.799Z [INFO] {"requestId":"ddb80323-80d7-4016-ba6d-4c0a970c201d","method":"GET","path":"/api/attendance/report/weekly","statusCode":200,"durationMs":37}
2026-03-04T07:16:28.817Z [INFO] {"requestId":"123e9e08-0d41-4f9e-87d5-9e8e3fbed239","method":"GET","path":"/api/attendance/report?period=day","statusCode":200,"durationMs":41}
2026-03-04T07:16:28.824Z [INFO] {"requestId":"a4da1658-af80-42c1-9946-b92483401ba7","method":"GET","path":"/api/payments/analytics/overdue/branch-manager","statusCode":200,"durationMs":41}
2026-03-04T07:16:28.829Z [INFO] {"requestId":"dcf06033-9a2e-4a76-b419-8215fdf4e1ba","method":"GET","path":"/api/payments/analytics/branch-manager?year=2026","statusCode":200,"durationMs":39}
2026-03-04T07:16:31.810Z [INFO] {"requestId":"c15552ff-9ba0-4d3a-8b11-410b4df5becf","method":"GET","path":"/api/members","statusCode":200,"durationMs":4}
2026-03-04T07:16:31.817Z [INFO] {"requestId":"7b98a6ff-7c6a-40c8-8589-ef751bc10dba","method":"GET","path":"/api/members","statusCode":200,"durationMs":4}
2026-03-04T07:16:33.717Z [INFO] {"requestId":"e52b2347-ee72-4ed1-bbce-d1979955a0e8","method":"GET","path":"/api/payments/analytics/branch-manager?year=2026","statusCode":200,"durationMs":19}
2026-03-04T07:16:33.747Z [INFO] {"requestId":"24a0f9fa-68e6-4ae7-925e-e2bf10b8176a","method":"GET","path":"/api/payments/analytics/branch-manager?year=2026","statusCode":200,"durationMs":29}
2026-03-04T07:16:33.749Z [INFO] {"requestId":"4ccf185f-59aa-4a63-87ff-8c03b603ae2d","method":"GET","path":"/api/payments/5043b5c3-91be-4d13-95cf-aea79de45ca9","statusCode":200,"durationMs":21}
2026-03-04T07:16:33.765Z [INFO] {"requestId":"0a81a056-3c6e-4e95-91ea-48894bf21202","method":"GET","path":"/api/payments/pending?branchId=5043b5c3-91be-4d13-95cf-aea79de45ca9","statusCode":200,"durationMs":7}
2026-03-04T07:16:33.767Z [INFO] {"requestId":"27304164-84da-4e42-992b-f9e8a49f650c","method":"GET","path":"/api/payments/5043b5c3-91be-4d13-95cf-aea79de45ca9","statusCode":200,"durationMs":16}
2026-03-04T07:16:33.796Z [INFO] {"requestId":"8e682948-da1e-4ce2-92f2-6df00eaec4ec","method":"GET","path":"/api/payments/pending?branchId=5043b5c3-91be-4d13-95cf-aea79de45ca9","statusCode":200,"durationMs":10}
2026-03-04T07:16:34.945Z [INFO] {"requestId":"c8bffa2c-e38e-4a7f-aaba-38d7b37fc9d2","method":"GET","path":"/api/payments/analytics/overdue/branch-manager","statusCode":200,"durationMs":17}
2026-03-04T07:16:34.960Z [INFO] {"requestId":"6c6c3244-89f0-446d-b6c7-c5be5ec16439","method":"GET","path":"/api/payments/analytics/overdue/branch-manager","statusCode":200,"durationMs":12}
2026-03-04T07:16:35.890Z [INFO] {"requestId":"bfa125bd-3d2c-416c-bad3-131fd0da8581","method":"POST","path":"/api/auth/logout","statusCode":200,"durationMs":3}
2026-03-04T07:16:40.246Z [INFO] {"requestId":"c92ea9af-1a8a-41ba-b018-4fd80fe79b73","method":"POST","path":"/api/auth/login","statusCode":200,"durationMs":86}
2026-03-04T07:16:40.402Z [INFO] {"requestId":"7c0e441b-3f02-4a14-ab6a-59bc8246d615","method":"GET","path":"/api/attendance/report/weekly","statusCode":200,"durationMs":39}
2026-03-04T07:16:40.425Z [INFO] {"requestId":"30de59a8-1cf0-4da2-b583-921ebf11d18e","method":"GET","path":"/api/attendance/report?period=day","statusCode":200,"durationMs":61}
2026-03-04T07:16:40.433Z [INFO] {"requestId":"7862ddf7-6d57-4ea6-a02d-17255443c9d8","method":"GET","path":"/api/payments/analytics/overdue/branch-manager","statusCode":200,"durationMs":73}
2026-03-04T07:16:40.441Z [INFO] {"requestId":"455d7a97-c0b3-457b-ba63-3aad753c891e","method":"GET","path":"/api/payments/analytics/branch-manager?year=2026","statusCode":200,"durationMs":84}
2026-03-04T07:16:40.457Z [INFO] {"requestId":"4abf73ce-35d9-4c91-98a6-59982400e53e","method":"GET","path":"/api/attendance/report/weekly","statusCode":200,"durationMs":38}
2026-03-04T07:16:40.475Z [INFO] {"requestId":"6ff267e4-5ede-4cbd-84b9-23b26afe2007","method":"GET","path":"/api/attendance/report?period=day","statusCode":200,"durationMs":39}
2026-03-04T07:16:40.484Z [INFO] {"requestId":"df893285-f7ac-4726-99c4-4641cd95f16b","method":"GET","path":"/api/payments/analytics/overdue/branch-manager","statusCode":200,"durationMs":42}
2026-03-04T07:16:40.492Z [INFO] {"requestId":"51e582b2-fe2f-46db-88b8-69506c77d08e","method":"GET","path":"/api/payments/analytics/branch-manager?year=2026","statusCode":200,"durationMs":45}
2026-03-04T07:16:44.862Z [INFO] {"requestId":"312d8ddc-2604-46de-b611-6101e745b378","method":"GET","path":"/api/members","statusCode":200,"durationMs":10}
2026-03-04T07:16:44.873Z [INFO] {"requestId":"1cb7cc7b-d85f-44fe-9b55-19c936962625","method":"GET","path":"/api/members","statusCode":200,"durationMs":9}
2026-03-04T07:16:48.284Z [INFO] {"requestId":"c8abe458-bd8c-43b4-923b-a613933881aa","method":"GET","path":"/api/payments/analytics/branch-manager?year=2026","statusCode":200,"durationMs":24}
2026-03-04T07:16:48.346Z [INFO] {"requestId":"703cd531-0590-4d80-a27e-4e1c357e330a","method":"GET","path":"/api/payments/analytics/branch-manager?year=2026","statusCode":200,"durationMs":61}
2026-03-04T07:16:48.359Z [INFO] {"requestId":"72320a4e-3bd3-4834-8e85-caf41c044b83","method":"GET","path":"/api/payments/a4531062-d0d7-4140-a832-fb3155b25f8b","statusCode":200,"durationMs":61}
2026-03-04T07:16:48.427Z [INFO] {"requestId":"c5fb9c72-eaf4-4206-9308-cc6ea6201d16","method":"GET","path":"/api/payments/a4531062-d0d7-4140-a832-fb3155b25f8b","statusCode":200,"durationMs":65}
2026-03-04T07:16:48.447Z [INFO] {"requestId":"de2b25cf-64a0-48c9-9c00-6e7b24209b0b","method":"GET","path":"/api/payments/pending?branchId=a4531062-d0d7-4140-a832-fb3155b25f8b","statusCode":200,"durationMs":64}
2026-03-04T07:16:48.469Z [INFO] {"requestId":"1bff0ab5-70f4-407f-a3d2-abbb93b31f0b","method":"GET","path":"/api/payments/pending?branchId=a4531062-d0d7-4140-a832-fb3155b25f8b","statusCode":200,"durationMs":20}
2026-03-04T07:16:50.259Z [INFO] {"requestId":"20d3b927-7a46-4de2-81dc-09678f531a47","method":"GET","path":"/api/payments/analytics/overdue/branch-manager","statusCode":200,"durationMs":25}
2026-03-04T07:16:50.285Z [INFO] {"requestId":"d5a96bde-512a-4805-8da4-2acc8952f52c","method":"GET","path":"/api/payments/analytics/overdue/branch-manager","statusCode":200,"durationMs":23}
2026-03-04T07:16:53.265Z [INFO] {"requestId":"e6019693-4627-4bca-ba72-69b4869ea5c9","method":"POST","path":"/api/payments/a4531062-d0d7-4140-a832-fb3155b25f8b","statusCode":201,"durationMs":16}
2026-03-04T07:16:53.309Z [INFO] {"requestId":"266b1a24-f061-47fc-9dcb-4a7497230358","method":"GET","path":"/api/payments/analytics/overdue/branch-manager","statusCode":200,"durationMs":16}
2026-03-04T07:17:05.145Z [INFO] {"requestId":"a73036d8-2dda-40d4-8271-f82657af41ab","method":"GET","path":"/api/attendance/report/weekly","statusCode":200,"durationMs":35}
2026-03-04T07:17:05.163Z [INFO] {"requestId":"3e38364a-4d5a-45ba-9077-f1277b36b65b","method":"GET","path":"/api/attendance/report?period=day","statusCode":200,"durationMs":51}
2026-03-04T07:17:05.166Z [INFO] {"requestId":"6e8ffff3-1c4e-4c9c-9bb0-e120784e1de7","method":"GET","path":"/api/payments/analytics/overdue/branch-manager","statusCode":200,"durationMs":63}
2026-03-04T07:17:05.173Z [INFO] {"requestId":"d6334de3-8e7e-4329-8457-eddd4b971214","method":"GET","path":"/api/payments/analytics/branch-manager?year=2026","statusCode":200,"durationMs":74}
2026-03-04T07:17:05.189Z [INFO] {"requestId":"665b03b7-6418-4dff-b985-0abc8c7eb8ff","method":"GET","path":"/api/attendance/report/weekly","statusCode":200,"durationMs":29}
2026-03-04T07:17:05.203Z [INFO] {"requestId":"b0e789c9-8103-493a-afc1-643db5981698","method":"GET","path":"/api/attendance/report?period=day","statusCode":200,"durationMs":34}
2026-03-04T07:17:05.213Z [INFO] {"requestId":"9bf45e45-5072-4920-9bf2-3af3d8c44467","method":"GET","path":"/api/payments/analytics/overdue/branch-manager","statusCode":200,"durationMs":39}
2026-03-04T07:17:05.217Z [INFO] {"requestId":"8c7077b2-d678-49d5-92c1-f861203be548","method":"GET","path":"/api/payments/analytics/branch-manager?year=2026","statusCode":200,"durationMs":37}
2026-03-04T07:17:08.929Z [INFO] {"requestId":"1ad7cad6-2eb1-4d89-8f80-cf197ef29abc","method":"POST","path":"/api/auth/logout","statusCode":200,"durationMs":3}
2026-03-04T07:17:15.106Z [INFO] {"requestId":"f06b1a16-12ff-4389-8955-1009a9c0a137","method":"POST","path":"/api/auth/login","statusCode":200,"durationMs":84}
2026-03-04T07:17:15.283Z [INFO] {"requestId":"dc006b0a-618f-4a8d-a21e-e08820bfade4","method":"GET","path":"/api/attendance/report/weekly","statusCode":200,"durationMs":68}
2026-03-04T07:17:15.299Z [INFO] {"requestId":"b40df09b-791a-411b-817e-285d81d2bd70","method":"GET","path":"/api/attendance/report?period=day","statusCode":200,"durationMs":83}
2026-03-04T07:17:15.306Z [INFO] {"requestId":"621fa55a-0fe2-4bc3-9689-c432d7811829","method":"GET","path":"/api/payments/analytics/overdue/gym-owner","statusCode":200,"durationMs":93}
2026-03-04T07:17:15.323Z [INFO] {"requestId":"e9afa663-deb5-4ebd-9933-d74efa5c95cf","method":"GET","path":"/api/payments/analytics/gym-owner?year=2026","statusCode":200,"durationMs":114}
2026-03-04T07:17:15.329Z [INFO] {"requestId":"03b1d751-de2a-45c1-9b17-830a20bd7fdf","method":"GET","path":"/api/attendance/report/weekly","statusCode":200,"durationMs":32}
2026-03-04T07:17:15.343Z [INFO] {"requestId":"97fd1c65-6957-41fe-850b-96eef5d2c32d","method":"GET","path":"/api/attendance/report?period=day","statusCode":200,"durationMs":34}
2026-03-04T07:17:15.351Z [INFO] {"requestId":"a47fd33b-e57a-47f9-9ce1-bc2c59bf23b9","method":"GET","path":"/api/payments/analytics/overdue/gym-owner","statusCode":200,"durationMs":37}
2026-03-04T07:17:15.365Z [INFO] {"requestId":"7d28f166-0149-4069-b67a-be2ee7cdafce","method":"GET","path":"/api/payments/analytics/gym-owner?year=2026","statusCode":200,"durationMs":33}
2026-03-04T07:17:17.786Z [INFO] {"requestId":"9d65e21f-6860-4569-8a24-3ce15b821b34","method":"GET","path":"/api/members","statusCode":200,"durationMs":11}
2026-03-04T07:17:17.806Z [INFO] {"requestId":"bb79e281-8d00-4c78-a485-fd4e5aa8a53b","method":"GET","path":"/api/members","statusCode":200,"durationMs":12}
2026-03-04T07:17:21.345Z [INFO] {"requestId":"50316f7a-7a6c-4766-9950-05feefe8f887","method":"GET","path":"/api/members","statusCode":200,"durationMs":9}
2026-03-04T07:17:21.371Z [INFO] {"requestId":"8281f8d7-da00-454f-8ed4-4a611f675a15","method":"GET","path":"/api/members","statusCode":200,"durationMs":13}
2026-03-04T07:17:22.922Z [INFO] {"requestId":"f1695f67-5666-45f0-98f6-3bc7c8918e17","method":"GET","path":"/api/payments/analytics/gym-owner?year=2026","statusCode":200,"durationMs":23}
2026-03-04T07:17:22.944Z [INFO] {"requestId":"4eb10e69-e503-45b9-82e1-949ba231dc04","method":"GET","path":"/api/payments/87efbf50-3f07-41fa-a901-c31034461b31","statusCode":200,"durationMs":12}
2026-03-04T07:17:22.958Z [INFO] {"requestId":"8c783366-abc2-4039-a0b1-d97aa3e9c05c","method":"GET","path":"/api/payments/analytics/gym-owner?year=2026","statusCode":200,"durationMs":33}
2026-03-04T07:17:22.971Z [INFO] {"requestId":"004220b4-1697-493a-b118-a963e147b08a","method":"GET","path":"/api/payments/87efbf50-3f07-41fa-a901-c31034461b31","statusCode":200,"durationMs":10}
2026-03-04T07:17:22.975Z [INFO] {"requestId":"8e2988d1-1b06-48b1-a04f-a6db18f80c77","method":"GET","path":"/api/payments/analytics/overdue/gym-owner","statusCode":200,"durationMs":22}
2026-03-04T07:17:22.989Z [INFO] {"requestId":"800c7bce-9aff-4412-913a-717f3dc6693b","method":"GET","path":"/api/payments/analytics/overdue/gym-owner","statusCode":200,"durationMs":13}
2026-03-04T07:17:24.049Z [INFO] {"requestId":"2df40627-f7ad-4dc9-b3f5-d20378a300d9","method":"POST","path":"/api/auth/logout","statusCode":200,"durationMs":3}
2026-03-04T07:17:40.669Z [INFO] {"requestId":"f3985e1a-12a3-4f92-be60-5ed3e4cf9317","method":"POST","path":"/api/auth/login","statusCode":200,"durationMs":112}
2026-03-04T07:17:40.890Z [INFO] {"requestId":"5899e40d-b4d4-4655-889e-68a5a65f88da","method":"GET","path":"/api/attendance/report/weekly","statusCode":200,"durationMs":32}
2026-03-04T07:17:40.905Z [INFO] {"requestId":"49498b02-11bc-417c-bd2d-73a2ec3a2a37","method":"GET","path":"/api/attendance/report?period=day","statusCode":200,"durationMs":44}
2026-03-04T07:17:40.913Z [INFO] {"requestId":"5bb2261a-c4e1-42d0-99bc-9859ff940526","method":"GET","path":"/api/payments/analytics/overdue/gym-owner","statusCode":200,"durationMs":58}
2026-03-04T07:17:40.917Z [INFO] {"requestId":"61816c36-1b88-492d-b466-3adaae2f3376","method":"GET","path":"/api/payments/analytics/gym-owner?year=2026","statusCode":200,"durationMs":67}
2026-03-04T07:17:40.932Z [INFO] {"requestId":"34360878-53be-4af9-83dd-6227306bea45","method":"GET","path":"/api/attendance/report/weekly","statusCode":200,"durationMs":36}
2026-03-04T07:17:40.947Z [INFO] {"requestId":"de935e64-33e0-487a-8818-c42a92e52c3c","method":"GET","path":"/api/attendance/report?period=day","statusCode":200,"durationMs":33}
2026-03-04T07:17:40.958Z [INFO] {"requestId":"c53e5523-9a81-4d67-a3fb-ef88f0d842d1","method":"GET","path":"/api/payments/analytics/overdue/gym-owner","statusCode":200,"durationMs":35}
2026-03-04T07:17:40.964Z [INFO] {"requestId":"4a66c046-8f26-478a-8492-7c308b50d407","method":"GET","path":"/api/payments/analytics/gym-owner?year=2026","statusCode":200,"durationMs":37}
2026-03-04T07:17:44.901Z [INFO] {"requestId":"e9cc690e-38c8-4e76-8dc1-bb40d1a3a053","method":"GET","path":"/api/members","statusCode":200,"durationMs":8}
2026-03-04T07:17:44.921Z [INFO] {"requestId":"81b70436-6ace-450e-b4e4-2ab878621338","method":"GET","path":"/api/members","statusCode":200,"durationMs":8}
2026-03-04T07:17:50.104Z [INFO] {"requestId":"2919d121-df17-44a7-b80d-1536d2e125c8","method":"GET","path":"/api/members","statusCode":200,"durationMs":12}
2026-03-04T07:17:52.309Z [INFO] {"requestId":"f1fce34f-92a7-4239-b751-f72c5c8009ea","method":"GET","path":"/api/attendance/report/weekly","statusCode":200,"durationMs":30}
2026-03-04T07:17:52.325Z [INFO] {"requestId":"ea9a54ed-36fe-47ee-8503-9b37190c9108","method":"GET","path":"/api/attendance/report?period=day","statusCode":200,"durationMs":42}
2026-03-04T07:17:52.331Z [INFO] {"requestId":"a492ded8-ccee-4024-b176-8c5fd310b616","method":"GET","path":"/api/payments/analytics/overdue/gym-owner","statusCode":200,"durationMs":55}
2026-03-04T07:17:52.339Z [INFO] {"requestId":"389e4ffa-69d8-4f20-8c95-d022dffe9229","method":"GET","path":"/api/payments/analytics/gym-owner?year=2026","statusCode":200,"durationMs":66}
2026-03-04T07:17:52.355Z [INFO] {"requestId":"8b9485de-1c96-41c6-8b3f-0fc824a3792f","method":"GET","path":"/api/attendance/report/weekly","statusCode":200,"durationMs":32}
2026-03-04T07:17:52.365Z [INFO] {"requestId":"c476a3bd-1350-4ffb-b028-dc467294f314","method":"GET","path":"/api/attendance/report?period=day","statusCode":200,"durationMs":30}
2026-03-04T07:17:52.377Z [INFO] {"requestId":"bfa69410-f003-4339-88f4-4d6bd7dc7645","method":"GET","path":"/api/payments/analytics/overdue/gym-owner","statusCode":200,"durationMs":37}
2026-03-04T07:17:52.391Z [INFO] {"requestId":"4620e6e7-6479-4595-b7fb-199f089ef278","method":"GET","path":"/api/payments/analytics/gym-owner?year=2026","statusCode":200,"durationMs":46}
2026-03-04T07:18:00.076Z [INFO] {"requestId":"c524102f-248b-40b4-b4fb-d5d773cb0890","method":"GET","path":"/api/attendance/report/weekly","statusCode":200,"durationMs":41}
2026-03-04T07:18:00.090Z [INFO] {"requestId":"7e76fb1a-67fc-4df9-b176-cf3718302314","method":"GET","path":"/api/attendance/report?period=day","statusCode":200,"durationMs":52}
2026-03-04T07:18:00.097Z [INFO] {"requestId":"a73fddba-726f-4223-81d9-29ace846908f","method":"GET","path":"/api/payments/analytics/overdue/gym-owner","statusCode":200,"durationMs":67}
2026-03-04T07:18:00.101Z [INFO] {"requestId":"455f87ab-1af9-4934-8ab2-9d7acfe30009","method":"GET","path":"/api/payments/analytics/gym-owner?year=2026","statusCode":200,"durationMs":76}
2026-03-04T07:18:03.242Z [INFO] {"requestId":"ce6f1dd2-61f6-44ad-b44a-0910e6cd964b","method":"GET","path":"/api/members","statusCode":200,"durationMs":10}
2026-03-04T07:18:03.254Z [INFO] {"requestId":"7b80ccdb-ece1-45f8-bc21-b6dc3307ea4c","method":"GET","path":"/api/members","statusCode":200,"durationMs":10}
2026-03-04T07:18:07.673Z [INFO] {"requestId":"8aef0311-3e54-45d3-8d18-71f888fa4ce1","method":"GET","path":"/api/branches/971c601f-3e24-4a8c-877b-1ec1d336c777/branches","statusCode":200,"durationMs":23}
2026-03-04T07:18:07.712Z [INFO] {"requestId":"67269a73-8067-49ae-9c22-b3a672d7b4b8","method":"GET","path":"/api/branches/971c601f-3e24-4a8c-877b-1ec1d336c777/branches","statusCode":200,"durationMs":36}
2026-03-04T07:18:19.871Z [INFO] {"requestId":"cc21a0af-aaeb-4804-8ad8-08215b47deaf","method":"GET","path":"/api/payments/analytics/gym-owner?year=2026","statusCode":200,"durationMs":25}
2026-03-04T07:18:19.899Z [INFO] {"requestId":"61bd60f4-290d-44d9-91be-e0e13286820e","method":"GET","path":"/api/payments/971c601f-3e24-4a8c-877b-1ec1d336c777","statusCode":200,"durationMs":18}
2026-03-04T07:18:19.905Z [INFO] {"requestId":"969586f5-756c-48fa-af1e-e56e061e33bc","method":"GET","path":"/api/payments/analytics/gym-owner?year=2026","statusCode":200,"durationMs":31}
2026-03-04T07:18:19.923Z [INFO] {"requestId":"52507738-7ce8-4e57-b2ea-7d4ed0d81ae6","method":"GET","path":"/api/payments/971c601f-3e24-4a8c-877b-1ec1d336c777","statusCode":200,"durationMs":14}
2026-03-04T07:18:19.929Z [INFO] {"requestId":"4d86abba-a988-4db0-9578-d53cbb6e4380","method":"GET","path":"/api/payments/analytics/overdue/gym-owner","statusCode":200,"durationMs":18}
2026-03-04T07:18:19.946Z [INFO] {"requestId":"e65599f2-7c46-4d1b-bf02-1d648c92ad7f","method":"GET","path":"/api/payments/analytics/overdue/gym-owner","statusCode":200,"durationMs":16}
2026-03-04T07:19:00.389Z [INFO] {"requestId":"ad37b4d4-efa6-4dd6-a195-a4443990ba32","method":"GET","path":"/api/attendance/report/weekly","statusCode":200,"durationMs":47}
2026-03-04T07:19:00.408Z [INFO] {"requestId":"dad8345c-6de3-43cb-b13d-259b94e9a42b","method":"GET","path":"/api/attendance/report?period=day","statusCode":200,"durationMs":63}
2026-03-04T07:19:00.456Z [INFO] {"requestId":"046ec5b8-fa00-41f4-8419-f2ee79db9d73","method":"GET","path":"/api/payments/analytics/overdue/gym-owner","statusCode":200,"durationMs":120}
2026-03-04T07:19:00.469Z [INFO] {"requestId":"64e15d77-aaad-4935-b853-433bc7785528","method":"GET","path":"/api/payments/analytics/gym-owner?year=2026","statusCode":200,"durationMs":139}
2026-03-04T07:19:00.534Z [INFO] {"requestId":"db6911b1-2c49-463c-9546-813e0a7afce6","method":"GET","path":"/api/attendance/report/weekly","statusCode":200,"durationMs":109}
2026-03-04T07:19:00.554Z [INFO] {"requestId":"002483e2-ccc0-4a83-9f60-eca825179b65","method":"GET","path":"/api/attendance/report?period=day","statusCode":200,"durationMs":109}
2026-03-04T07:19:00.575Z [INFO] {"requestId":"e649d454-3377-4bc1-affb-3ebba39821e5","method":"GET","path":"/api/payments/analytics/overdue/gym-owner","statusCode":200,"durationMs":94}
2026-03-04T07:19:00.594Z [INFO] {"requestId":"f5040a0d-577c-4f1f-8515-f0532bd373da","method":"GET","path":"/api/payments/analytics/gym-owner?year=2026","statusCode":200,"durationMs":87}
2026-03-04T07:19:11.524Z [INFO] {"requestId":"65e42180-3c5f-4fcf-b5bd-a19be0a3bb96","method":"GET","path":"/api/payments/analytics/gym-owner?year=2026","statusCode":200,"durationMs":27}
2026-03-04T07:19:11.553Z [INFO] {"requestId":"73e781b9-40ca-4c8e-a759-bda31759676b","method":"GET","path":"/api/payments/971c601f-3e24-4a8c-877b-1ec1d336c777","statusCode":200,"durationMs":19}
2026-03-04T07:19:11.555Z [INFO] {"requestId":"c5784ebd-4940-4c81-ab46-42cdca96bd4e","method":"GET","path":"/api/payments/analytics/gym-owner?year=2026","statusCode":200,"durationMs":30}
2026-03-04T07:19:11.575Z [INFO] {"requestId":"9e2ef02c-57c4-4d12-bb55-f30066f500f3","method":"GET","path":"/api/payments/971c601f-3e24-4a8c-877b-1ec1d336c777","statusCode":200,"durationMs":15}
2026-03-04T07:19:11.580Z [INFO] {"requestId":"a47afbb2-ccc3-48b1-852a-de95643731ad","method":"GET","path":"/api/payments/analytics/overdue/gym-owner","statusCode":200,"durationMs":22}
2026-03-04T07:19:11.602Z [INFO] {"requestId":"e8c1756c-dcb3-428d-826d-cd2063bb803a","method":"GET","path":"/api/payments/analytics/overdue/gym-owner","statusCode":200,"durationMs":17}
2026-03-04T07:19:22.242Z [INFO] {"requestId":"c289d549-f8bf-4e0c-9e38-17a1f0756ec2","method":"GET","path":"/api/attendance/report/weekly","statusCode":200,"durationMs":28}
2026-03-04T07:19:22.259Z [INFO] {"requestId":"2fc2f619-5631-4039-9d70-85f372527184","method":"GET","path":"/api/attendance/report?period=day","statusCode":200,"durationMs":41}
2026-03-04T07:19:22.269Z [INFO] {"requestId":"c2c5d0b4-40c3-418e-8901-402d98ac9f81","method":"GET","path":"/api/payments/analytics/overdue/gym-owner","statusCode":200,"durationMs":61}
2026-03-04T07:19:22.274Z [INFO] {"requestId":"180bbf7e-cbb6-4232-a4e7-42e055cabaa8","method":"GET","path":"/api/payments/analytics/gym-owner?year=2026","statusCode":200,"durationMs":69}
2026-03-04T07:19:22.291Z [INFO] {"requestId":"01df7bef-a06f-4a68-af20-631e6baf8c37","method":"GET","path":"/api/attendance/report/weekly","statusCode":200,"durationMs":35}
2026-03-04T07:19:22.304Z [INFO] {"requestId":"29d90237-9345-4335-8ee3-13f7246e2621","method":"GET","path":"/api/attendance/report?period=day","statusCode":200,"durationMs":32}
2026-03-04T07:19:22.311Z [INFO] {"requestId":"7209b715-bae7-4c31-a7ef-9b28485409b6","method":"GET","path":"/api/payments/analytics/overdue/gym-owner","statusCode":200,"durationMs":37}
2026-03-04T07:19:22.321Z [INFO] {"requestId":"18b944b4-63c5-40fc-a08a-bab99bcb1396","method":"GET","path":"/api/payments/analytics/gym-owner?year=2026","statusCode":200,"durationMs":38}
2026-03-04T07:19:25.473Z [INFO] {"requestId":"33e591d9-7259-48a7-a0d7-814b33240c14","method":"GET","path":"/api/payments/analytics/overdue/gym-owner","statusCode":200,"durationMs":42}
2026-03-04T07:19:25.493Z [INFO] {"requestId":"ec8ab6a6-5a82-4a54-b622-ff09e9f74c20","method":"GET","path":"/api/payments/analytics/overdue/gym-owner","statusCode":200,"durationMs":17}
2026-03-04T07:27:22.666Z [INFO] {"requestId":"9840ed7b-4b90-4cb2-ae7a-359b16554e6d","method":"GET","path":"/api/payments/analytics/overdue/gym-owner","statusCode":200,"durationMs":31}
2026-03-04T07:27:59.208Z [INFO] {"requestId":"8f8aee18-aaf7-459f-9137-093d82d3841e","method":"GET","path":"/api/payments/analytics/gym-owner?year=2026","statusCode":200,"durationMs":29}
2026-03-04T07:27:59.238Z [INFO] {"requestId":"38928879-69ca-490c-a92d-40ec5c58cb34","method":"GET","path":"/api/payments/971c601f-3e24-4a8c-877b-1ec1d336c777","statusCode":200,"durationMs":19}
2026-03-04T07:27:59.240Z [INFO] {"requestId":"356e13eb-fcc0-4767-ae47-569e93ded8d2","method":"GET","path":"/api/payments/analytics/gym-owner?year=2026","statusCode":200,"durationMs":29}
2026-03-04T07:27:59.263Z [INFO] {"requestId":"936d5f42-9b9c-47a2-ae17-5d2d4b465a9e","method":"GET","path":"/api/payments/971c601f-3e24-4a8c-877b-1ec1d336c777","statusCode":200,"durationMs":14}
2026-03-04T07:27:59.267Z [INFO] {"requestId":"d2a7fc14-cbfa-4a66-b31d-0f1b727b056b","method":"GET","path":"/api/payments/analytics/overdue/gym-owner","statusCode":200,"durationMs":22}
2026-03-04T07:27:59.286Z [INFO] {"requestId":"dd636f23-e66b-4255-801e-664c8803de23","method":"GET","path":"/api/payments/analytics/overdue/gym-owner","statusCode":200,"durationMs":17}
2026-03-04T07:28:11.963Z [INFO] {"requestId":"69c09a62-2eea-4ebd-9644-a4fb3e2cf756","method":"POST","path":"/api/auth/logout","statusCode":200,"durationMs":3}
2026-03-04T07:28:20.363Z [INFO] {"requestId":"286c0ded-6746-45b0-88ce-7c98d6c617ce","method":"POST","path":"/api/auth/login","statusCode":200,"durationMs":97}
2026-03-04T07:28:20.878Z [INFO] {"requestId":"b51bae5f-baef-42a1-b469-50453b6ecbee","method":"GET","path":"/api/attendance/report/weekly","statusCode":200,"durationMs":42}
2026-03-04T07:28:20.886Z [INFO] {"requestId":"e8ad5521-9029-4373-8e29-378c01d08cb0","method":"GET","path":"/api/attendance/report?period=day","statusCode":200,"durationMs":48}
2026-03-04T07:28:20.892Z [INFO] {"requestId":"da95bd93-cea8-4318-9602-2e429bb2a0ed","method":"GET","path":"/api/payments/analytics/branch-manager?year=2026","statusCode":200,"durationMs":60}
2026-03-04T07:28:20.899Z [INFO] {"requestId":"08f84b98-a2f4-4e39-8764-0a28ff548db5","method":"GET","path":"/api/payments/analytics/overdue/branch-manager","statusCode":200,"durationMs":59}
2026-03-04T07:28:20.916Z [INFO] {"requestId":"b44a37be-f8e1-48e5-902d-c85478e4a1bb","method":"GET","path":"/api/attendance/report/weekly","statusCode":200,"durationMs":32}
2026-03-04T07:28:20.929Z [INFO] {"requestId":"14f937d7-7ec9-43a6-b447-c7684ba14078","method":"GET","path":"/api/attendance/report?period=day","statusCode":200,"durationMs":32}
2026-03-04T07:28:20.934Z [INFO] {"requestId":"3588118e-0897-4a11-aff9-d2b3bf3eca75","method":"GET","path":"/api/payments/analytics/overdue/branch-manager","statusCode":200,"durationMs":30}
2026-03-04T07:28:20.936Z [INFO] {"requestId":"ed922a10-2ef7-4ed9-bd58-62193bf19c48","method":"GET","path":"/api/payments/analytics/branch-manager?year=2026","statusCode":200,"durationMs":37}
2026-03-04T07:28:22.575Z [INFO] {"requestId":"f3e03d98-5866-477f-8a86-8880c8932614","method":"GET","path":"/api/payments/analytics/overdue/branch-manager","statusCode":200,"durationMs":16}
2026-03-04T07:28:22.593Z [INFO] {"requestId":"36550cca-1a67-4c90-85fe-e3302388dd36","method":"GET","path":"/api/payments/analytics/overdue/branch-manager","statusCode":200,"durationMs":15}
2026-03-04T07:28:23.856Z [INFO] {"requestId":"8b772cbd-3889-49a0-831b-1eab1f1a515d","method":"GET","path":"/api/payments/analytics/branch-manager?year=2026","statusCode":200,"durationMs":22}
2026-03-04T07:28:23.885Z [INFO] {"requestId":"1003300a-6d1f-4026-abf3-8ba297e52261","method":"GET","path":"/api/payments/analytics/branch-manager?year=2026","statusCode":200,"durationMs":27}
2026-03-04T07:28:23.886Z [INFO] {"requestId":"780071cb-88e5-4bb0-b61d-ca4030125580","method":"GET","path":"/api/payments/5043b5c3-91be-4d13-95cf-aea79de45ca9","statusCode":200,"durationMs":20}
2026-03-04T07:28:23.903Z [INFO] {"requestId":"bfd790bf-ba4a-42d2-a6ae-bfb7570ca08d","method":"GET","path":"/api/payments/pending?branchId=5043b5c3-91be-4d13-95cf-aea79de45ca9","statusCode":200,"durationMs":7}
2026-03-04T07:28:23.904Z [INFO] {"requestId":"9dfbcfda-087d-4a96-93bd-43b9119a13a7","method":"GET","path":"/api/payments/5043b5c3-91be-4d13-95cf-aea79de45ca9","statusCode":200,"durationMs":15}
2026-03-04T07:28:23.956Z [INFO] {"requestId":"d6390a8f-4398-4f78-9860-97dd2d43694f","method":"GET","path":"/api/payments/pending?branchId=5043b5c3-91be-4d13-95cf-aea79de45ca9","statusCode":200,"durationMs":9}
2026-03-04T07:28:27.717Z [INFO] {"requestId":"611f9925-b0c1-4956-a0c3-674b4153c55d","method":"GET","path":"/api/payments/analytics/overdue/branch-manager","statusCode":200,"durationMs":19}
2026-03-04T07:28:27.732Z [INFO] {"requestId":"6899670a-81aa-45bd-a864-4fc8e2718aa5","method":"GET","path":"/api/payments/analytics/overdue/branch-manager","statusCode":200,"durationMs":13}
2026-03-04T07:28:29.074Z [INFO] {"requestId":"8323549c-7fe6-4f9d-87c3-30d9dc426231","method":"GET","path":"/api/payments/analytics/branch-manager?year=2026","statusCode":200,"durationMs":22}
2026-03-04T07:28:29.101Z [INFO] {"requestId":"7e9a62d7-5be4-4ba0-bef7-6987d2fa9bd4","method":"GET","path":"/api/payments/analytics/branch-manager?year=2026","statusCode":200,"durationMs":25}
2026-03-04T07:28:29.102Z [INFO] {"requestId":"72dc9fa1-d5d6-4824-9acb-d84d65be9362","method":"GET","path":"/api/payments/5043b5c3-91be-4d13-95cf-aea79de45ca9","statusCode":200,"durationMs":19}
2026-03-04T07:28:29.121Z [INFO] {"requestId":"e485bd6a-63a1-4902-a40b-43ad0782e009","method":"GET","path":"/api/payments/pending?branchId=5043b5c3-91be-4d13-95cf-aea79de45ca9","statusCode":200,"durationMs":11}
2026-03-04T07:28:29.122Z [INFO] {"requestId":"942515bc-c60a-4244-89fb-f613d4ae2d88","method":"GET","path":"/api/payments/5043b5c3-91be-4d13-95cf-aea79de45ca9","statusCode":200,"durationMs":18}
2026-03-04T07:28:29.170Z [INFO] {"requestId":"3c9fc1e2-63d6-42ad-8fa6-b77aa7cc9bbf","method":"GET","path":"/api/payments/pending?branchId=5043b5c3-91be-4d13-95cf-aea79de45ca9","statusCode":200,"durationMs":6}
2026-03-04T07:42:20.440Z [INFO] {"requestId":"1639bcae-3496-40ec-90bb-ed7f82188b5f","method":"POST","path":"/api/auth/logout","statusCode":200,"durationMs":6}
2026-03-04T07:42:36.013Z [INFO] {"requestId":"0660bdf6-8adc-4f1c-854d-119556dc963b","method":"POST","path":"/api/auth/login","statusCode":401,"durationMs":3}
2026-03-04T07:44:22.741Z [INFO] {"requestId":"e7f487ce-683b-4762-a839-aec0303a0974","method":"POST","path":"/api/auth/login","statusCode":200,"durationMs":188}
2026-03-04T07:44:23.701Z [INFO] {"requestId":"d2b808f1-8b71-4c4f-a66d-400a22b8908c","method":"GET","path":"/api/attendance/report/weekly","statusCode":200,"durationMs":76}
2026-03-04T07:44:23.731Z [INFO] {"requestId":"8c18be2e-d05a-4cdb-8c31-d3aedeea86f6","method":"GET","path":"/api/attendance/report?period=day","statusCode":200,"durationMs":102}
2026-03-04T07:44:23.741Z [INFO] {"requestId":"0cc72bb3-4ca9-4868-ab60-59aa9184e3af","method":"GET","path":"/api/payments/analytics/overdue/branch-manager","statusCode":200,"durationMs":121}
2026-03-04T07:44:23.751Z [INFO] {"requestId":"7c2eba9b-acb9-4249-997b-71b9807df4b3","method":"GET","path":"/api/payments/analytics/branch-manager?year=2026","statusCode":200,"durationMs":136}
2026-03-04T07:44:23.783Z [INFO] {"requestId":"42ece76f-5579-4481-b57e-8fb45299a634","method":"GET","path":"/api/attendance/report/weekly","statusCode":200,"durationMs":58}
2026-03-04T07:44:23.818Z [INFO] {"requestId":"d9977133-c91c-4746-8dc2-3ea64c9f2b17","method":"GET","path":"/api/attendance/report?period=day","statusCode":200,"durationMs":74}
2026-03-04T07:44:23.842Z [INFO] {"requestId":"103c8b4f-7984-429b-82b2-449d57352e7e","method":"GET","path":"/api/payments/analytics/overdue/branch-manager","statusCode":200,"durationMs":90}
2026-03-04T07:44:23.857Z [INFO] {"requestId":"9279cf2f-6d8e-4458-a905-20b6246ba28f","method":"GET","path":"/api/payments/analytics/branch-manager?year=2026","statusCode":200,"durationMs":93}
2026-03-04T07:44:26.365Z [INFO] {"requestId":"84917c68-f124-4bb7-9879-93760fbc56fc","method":"POST","path":"/api/auth/logout","statusCode":200,"durationMs":6}
